Flow report for Lab4_and_5
Wed Sep 21 14:18:07 2011
Quartus II Version 10.1 Build 153 11/29/2010 SJ Full Version


---------------------
; Table of Contents ;
---------------------
  1. Legal Notice
  2. Flow Summary
  3. Flow Settings
  4. Flow Non-Default Global Settings
  5. Flow Elapsed Time
  6. Flow OS Summary
  7. Flow Log



----------------
; Legal Notice ;
----------------
Copyright (C) 1991-2010 Altera Corporation
Your use of Altera Corporation's design tools, logic functions 
and other software and tools, and its AMPP partner logic 
functions, and any output files from any of the foregoing 
(including device programming or simulation files), and any 
associated documentation or information are expressly subject 
to the terms and conditions of the Altera Program License 
Subscription Agreement, Altera MegaCore Function License 
Agreement, or other applicable license agreement, including, 
without limitation, that your use is for the sole purpose of 
programming logic devices manufactured by Altera and sold by 
Altera or its authorized distributors.  Please refer to the 
applicable agreement for further details.



+--------------------------------------------------------------------------------+
; Flow Summary                                                                   ;
+------------------------------------+-------------------------------------------+
; Flow Status                        ; Successful - Wed Sep 21 14:18:07 2011     ;
; Quartus II Version                 ; 10.1 Build 153 11/29/2010 SJ Full Version ;
; Revision Name                      ; Lab4_and_5                                ;
; Top-level Entity Name              ; Lab4_and_5                                ;
; Family                             ; Cyclone II                                ;
; Device                             ; EP2C35F672C6                              ;
; Timing Models                      ; Final                                     ;
; Total logic elements               ; 7 / 33,216 ( < 1 % )                      ;
;     Total combinational functions  ; 7 / 33,216 ( < 1 % )                      ;
;     Dedicated logic registers      ; 0 / 33,216 ( 0 % )                        ;
; Total registers                    ; 0                                         ;
; Total pins                         ; 11 / 475 ( 2 % )                          ;
; Total virtual pins                 ; 0                                         ;
; Total memory bits                  ; 0 / 483,840 ( 0 % )                       ;
; Embedded Multiplier 9-bit elements ; 0 / 70 ( 0 % )                            ;
; Total PLLs                         ; 0 / 4 ( 0 % )                             ;
+------------------------------------+-------------------------------------------+


+-----------------------------------------+
; Flow Settings                           ;
+-------------------+---------------------+
; Option            ; Setting             ;
+-------------------+---------------------+
; Start date & time ; 09/21/2011 14:17:52 ;
; Main task         ; Compilation         ;
; Revision Name     ; Lab4_and_5          ;
+-------------------+---------------------+


+----------------------------------------------------------------------------------------------------------------------+
; Flow Non-Default Global Settings                                                                                     ;
+-------------------------------------+-------------------------------------+---------------+-------------+------------+
; Assignment Name                     ; Value                               ; Default Value ; Entity Name ; Section Id ;
+-------------------------------------+-------------------------------------+---------------+-------------+------------+
; COMPILER_SIGNATURE_ID               ; 264216223218970.131663267202856     ; --            ; --          ; --         ;
; MAX_CORE_JUNCTION_TEMP              ; 85                                  ; --            ; --          ; --         ;
; MIN_CORE_JUNCTION_TEMP              ; 0                                   ; --            ; --          ; --         ;
; MISC_FILE                           ; S:/Cpe112/Lab4_and_5/Lab4_and_5.dpf ; --            ; --          ; --         ;
; PARTITION_COLOR                     ; 16764057                            ; --            ; --          ; Top        ;
; PARTITION_FITTER_PRESERVATION_LEVEL ; PLACEMENT_AND_ROUTING               ; --            ; --          ; Top        ;
; PARTITION_NETLIST_TYPE              ; SOURCE                              ; --            ; --          ; Top        ;
+-------------------------------------+-------------------------------------+---------------+-------------+------------+


+-------------------------------------------------------------------------------------------------------------------------------+
; Flow Elapsed Time                                                                                                             ;
+---------------------------+--------------+-------------------------+---------------------+------------------------------------+
; Module Name               ; Elapsed Time ; Average Processors Used ; Peak Virtual Memory ; Total CPU Time (on all processors) ;
+---------------------------+--------------+-------------------------+---------------------+------------------------------------+
; Analysis & Synthesis      ; 00:00:02     ; 1.0                     ; 255 MB              ; 00:00:01                           ;
; Fitter                    ; 00:00:06     ; 2.2                     ; 378 MB              ; 00:00:07                           ;
; TimeQuest Timing Analyzer ; 00:00:02     ; 1.0                     ; 280 MB              ; 00:00:01                           ;
; Assembler                 ; 00:00:04     ; 1.0                     ; 301 MB              ; 00:00:03                           ;
; Total                     ; 00:00:14     ; --                      ; --                  ; 00:00:12                           ;
+---------------------------+--------------+-------------------------+---------------------+------------------------------------+


+----------------------------------------------------------------------------------------+
; Flow OS Summary                                                                        ;
+---------------------------+------------------+-----------+------------+----------------+
; Module Name               ; Machine Hostname ; OS Name   ; OS Version ; Processor type ;
+---------------------------+------------------+-----------+------------+----------------+
; Analysis & Synthesis      ; RC03ECE-CPE      ; Windows 7 ; 6.1        ; x86_64         ;
; Fitter                    ; RC03ECE-CPE      ; Windows 7 ; 6.1        ; x86_64         ;
; TimeQuest Timing Analyzer ; RC03ECE-CPE      ; Windows 7 ; 6.1        ; x86_64         ;
; Assembler                 ; RC03ECE-CPE      ; Windows 7 ; 6.1        ; x86_64         ;
+---------------------------+------------------+-----------+------------+----------------+


------------
; Flow Log ;
------------
quartus_map --read_settings_files=on --write_settings_files=off Lab4_and_5 -c Lab4_and_5
quartus_fit --read_settings_files=off --write_settings_files=off Lab4_and_5 -c Lab4_and_5
quartus_sta Lab4_and_5 -c Lab4_and_5
quartus_asm --read_settings_files=off --write_settings_files=off Lab4_and_5 -c Lab4_and_5



